[LOG] ข้อความทั้งหมดตั้งแต่บรรทัดนี้จะถูกบันทึกไว้ที่ D:\ROBOT-Final\Final-Robot\classwork8\slam8_run_20260927_005733.log ด้วย (real-time)
กำลังเชื่อมต่อหุ่นแบบ ap ...
กำลัง recenter gimbal ...
[CAMERA] เปิดสตรีมกล้องแล้ว (log-only ไม่มีผลต่อการตัดสินใจ)
[SENSOR] subscription พร้อมใช้งาน (ToF, attitude, position, status, adapter)
[SENSORLOG] บันทึกค่าเซนเซอร์ดิบทุกจังหวะไปที่ D:\ROBOT-Final\Final-Robot\classwork8\slam8_sensorlog_20260927_005733.csv
กำลังหา gimbal_yaw_sign ...
[GIMBAL] สั่ง moveto(yaw=+30) จริง -> มุมเปลี่ยน +30.30 -> GIMBAL_YAW_SIGN = +1
==============================================================
  SLAM EXPLORE RUN - สำรวจให้ครบทุกช่อง
  สนาม 4x5 (20 ช่อง) ช่องละ 0.60 m | เริ่มที่ (0, 0) หัน N
==============================================================

--- ก้าวที่ 0 | ช่อง (0, 0) | หัน N ---
ToF 4 ทิศ -> หน้า:856 ขวา:168 หลัง:199 ซ้าย:148 (mm)
[CENTER-X] หน้า=711mm target=140mm
[CENTER-Y] รอบ 1/6 (both) L=450 R=504 err=-54
[CENTER-Y] รอบ 2/6 (both) L=439 R=525 err=-86
[CENTER-Y] รอบ 3/6 (both) L=439 R=525 err=-86
[CENTER-Y] รอบ 4/6 (both) L=557 R=409 err=148
[CENTER-Y] รอบ 5/6 (both) L=557 R=409 err=148
[CENTER-Y] รอบ 6/6 (both) L=562 R=409 err=153
      0   1   2   3  
    +---+---+---+ . +
y=4 |   :   :   :   :
    + . + . + . + . +
y=3 |   :   :   :   |
    + . + . + . + . +
y=2 |   :   :   :   |
    + . + . + . + . +
y=1 |   :   :   :   |
    +   + . + . + . +
y=0 | ^ |   :   :   |
    +---+---+---+---+
--- = กำแพง | ว่าง = ตรวจแล้วโล่ง | . = เคยไปแล้ว | ช่องว่าง = ยังไม่เคยไป   (ด้านที่สำรวจแล้ว 18/49, ช่องที่สำรวจแล้ว 5.0%)
ตัดสินใจ -> เดินต่อ ไปช่อง (0, 1) (ทาง N)
[CENTER-Y] รอบ 1/6 (both) L=429 R=543 err=-114
[CENTER-Y] รอบ 2/6 (both) L=429 R=541 err=-112
[CENTER-Y] รอบ 3/6 (both) L=429 R=541 err=-112
[CENTER-Y] รอบ 4/6 (both) L=573 R=404 err=169
[CENTER-Y] รอบ 5/6 (both) L=573 R=404 err=169
[CENTER-Y] รอบ 6/6 (both) L=546 R=420 err=126
[CAMERA] step000: ขาว 0.4% (เซฟ D:\ROBOT-Final\Final-Robot\classwork8\slam8_cam_step000_20260927_005801.jpg)
[MOVE] N เดินได้ 0.559 m (เป้า 0.60) เหตุที่จบ: tof_emergency -> สำเร็จ

--- ก้าวที่ 1 | ช่อง (0, 1) | หัน N ---
ToF 4 ทิศ -> หน้า:60 ขวา:891 หลัง:1003 ซ้าย:115 (mm)
[CENTER-X] หน้า=130mm target=140mm
[CENTER-Y] รอบ 1/6 (left_only) L=276 R=611 err=-219
[CENTER-Y] รอบ 2/6 (left_only) L=242 R=557 err=-253
[CENTER-Y] รอบ 3/6 (left_only) L=242 R=557 err=-253
[CENTER-Y] รอบ 4/6 (left_only) L=237 R=410 err=-258
[CENTER-Y] รอบ 5/6 (left_only) L=237 R=410 err=-258
[CENTER-Y] รอบ 6/6 (left_only) L=237 R=410 err=-258
      0   1   2   3  
    +---+---+---+ . +
y=4 |   :   :   :   :
    + . + . + . + . +
y=3 |   :   :   :   |
    + . + . + . + . +
y=2 |   :   :   :   |
    +---+ . + . + . +
y=1 | ^     :   :   |
    +   + . + . + . +
y=0 | . |   :   :   |
    +---+---+---+---+
--- = กำแพง | ว่าง = ตรวจแล้วโล่ง | . = เคยไปแล้ว | ช่องว่าง = ยังไม่เคยไป   (ด้านที่สำรวจแล้ว 20/49, ช่องที่สำรวจแล้ว 10.0%)
ตัดสินใจ -> เดินต่อ ไปช่อง (1, 1) (ทาง E)
[TURN] N -> E
[SAFETY] หันมาแล้วเจอกำแพงที่ 308mm - ยกเลิกการเดิน แล้วมาร์กลงแผนที่

--- ก้าวที่ 2 | ช่อง (0, 1) | หัน E ---
ToF 4 ทิศ -> หน้า:308 ขวา:153 หลัง:742 ซ้าย:898 (mm)
[CENTER-X] หน้า=155mm target=140mm
[CENTER-Y] รอบ 1/6 (right_only) L=467 R=290 err=214
[CENTER-Y] รอบ 2/6 (right_only) L=422 R=290 err=214
[CENTER-Y] รอบ 3/6 (right_only) L=422 R=290 err=214
[CENTER-Y] รอบ 4/6 (right_only) L=422 R=290 err=214
[CENTER-Y] รอบ 5/6 (right_only) L=347 R=278 err=226
[CENTER-Y] รอบ 6/6 (right_only) L=347 R=278 err=226
      0   1   2   3  
    +---+---+---+ . +
y=4 |   :   :   :   :
    + . + . + . + . +
y=3 |   :   :   :   |
    + . + . + . + . +
y=2 |   :   :   :   |
    +---+ . + . + . +
y=1 | > |   :   :   |
    +---+ . + . + . +
y=0 | . |   :   :   |
    +---+---+---+---+
--- = กำแพง | ว่าง = ตรวจแล้วโล่ง | . = เคยไปแล้ว | ช่องว่าง = ยังไม่เคยไป   (ด้านที่สำรวจแล้ว 20/49, ช่องที่สำรวจแล้ว 10.0%)
ตัดสินใจ -> ย้อนกลับ/reroute ไปช่อง (0, 0) (ทาง S)
[TURN] E -> S
[CENTER-Y] รอบ 1/6 (left_only) L=467 R=272 err=-28
[CENTER-Y] รอบ 2/6 (left_only) L=467 R=272 err=-28
[CENTER-Y] รอบ 3/6 (left_only) L=569 R=278 err=74
[CENTER-Y] รอบ 4/6 (left_only) L=569 R=278 err=74
[CENTER-Y] นิ่งแล้ว (left_only) err=0
[CAMERA] step002: ขาว 43.6% (เซฟ D:\ROBOT-Final\Final-Robot\classwork8\slam8_cam_step002_20260927_005844.jpg)
[MOVE] S เดินได้ 0.001 m (เป้า 0.60) เหตุที่จบ: ir_estop -> ไม่สำเร็จ
[RECOVER] ย้อนกลับ/reroute ไปช่อง (0, 0) ไม่สำเร็จ (ครั้งที่ 1) - ไม่แก้แผนที่ เพราะทางนี้เคยยืนยันว่าโล่งแล้ว

--- ก้าวที่ 3 | ช่อง (0, 1) | หัน S ---
ToF 4 ทิศ -> หน้า:750 ขวา:175 หลัง:342 ซ้าย:846 (mm)
[CENTER-X] หน้า=612mm target=140mm
[CENTER-Y] รอบ 1/6 (right_only) L=477 R=537 err=-33
[CENTER-Y] รอบ 2/6 (right_only) L=477 R=537 err=-33
[CENTER-Y] รอบ 3/6 (right_only) L=489 R=459 err=45
[CENTER-Y] รอบ 4/6 (right_only) L=489 R=459 err=45
[CENTER-Y] รอบ 5/6 (right_only) L=508 R=459 err=45
[CENTER-Y] รอบ 6/6 (right_only) L=508 R=459 err=45
      0   1   2   3  
    +---+---+---+ . +
y=4 |   :   :   :   :
    + . + . + . + . +
y=3 |   :   :   :   |
    + . + . + . + . +
y=2 |   :   :   :   |
    +---+ . + . + . +
y=1 | v |   :   :   |
    +---+ . + . + . +
y=0 | . |   :   :   |
    +---+---+---+---+
--- = กำแพง | ว่าง = ตรวจแล้วโล่ง | . = เคยไปแล้ว | ช่องว่าง = ยังไม่เคยไป   (ด้านที่สำรวจแล้ว 20/49, ช่องที่สำรวจแล้ว 10.0%)
ตัดสินใจ -> ย้อนกลับ/reroute ไปช่อง (0, 0) (ทาง S)
[CENTER-Y] รอบ 1/6 (right_only) L=359 R=690 err=-186
[CENTER-Y] รอบ 2/6 (right_only) L=359 R=690 err=-186
[CENTER-Y] รอบ 3/6 (right_only) L=359 R=690 err=-186
[CENTER-Y] รอบ 4/6 (right_only) L=417 R=580 err=-76
[CENTER-Y] รอบ 5/6 (right_only) L=417 R=580 err=-76
[CENTER-Y] รอบ 6/6 (right_only) L=546 R=435 err=69
[CAMERA] step003: ขาว 16.4% (เซฟ D:\ROBOT-Final\Final-Robot\classwork8\slam8_cam_step003_20260927_005904.jpg)
[MOVE] S เดินได้ 0.001 m (เป้า 0.60) เหตุที่จบ: ir_estop -> ไม่สำเร็จ
[RECOVER] ย้อนกลับ/reroute ไปช่อง (0, 0) ไม่สำเร็จ (ครั้งที่ 2) - ไม่แก้แผนที่ เพราะทางนี้เคยยืนยันว่าโล่งแล้ว

--- ก้าวที่ 4 | ช่อง (0, 1) | หัน S ---
ToF 4 ทิศ -> หน้า:597 ขวา:147 หลัง:496 ซ้าย:842 (mm)
[CENTER-X] หน้า=438mm target=140mm
[CENTER-Y] รอบ 1/6 (right_only) L=479 R=470 err=34
[CENTER-Y] นิ่งแล้ว (right_only) err=-15
      0   1   2   3  
    +---+---+---+ . +
y=4 |   :   :   :   :
    + . + . + . + . +
y=3 |   :   :   :   |
    + . + . + . + . +
y=2 |   :   :   :   |
    +---+ . + . + . +
y=1 | v |   :   :   |
    +---+ . + . + . +
y=0 | . |   :   :   |
    +---+---+---+---+
--- = กำแพง | ว่าง = ตรวจแล้วโล่ง | . = เคยไปแล้ว | ช่องว่าง = ยังไม่เคยไป   (ด้านที่สำรวจแล้ว 20/49, ช่องที่สำรวจแล้ว 10.0%)
ตัดสินใจ -> ย้อนกลับ/reroute ไปช่อง (0, 0) (ทาง S)
[CENTER-Y] รอบ 1/6 (right_only) L=405 R=590 err=-86
[CENTER-Y] รอบ 2/6 (right_only) L=405 R=590 err=-86
[CENTER-Y] รอบ 3/6 (right_only) L=405 R=590 err=-86
[CENTER-Y] รอบ 4/6 (right_only) L=501 R=442 err=62
[CENTER-Y] รอบ 5/6 (right_only) L=501 R=442 err=62
[CENTER-Y] รอบ 6/6 (right_only) L=507 R=437 err=67
[CAMERA] step004: ขาว 0.1% (เซฟ D:\ROBOT-Final\Final-Robot\classwork8\slam8_cam_step004_20260927_005921.jpg)
[MOVE] S เดินได้ -0.001 m (เป้า 0.60) เหตุที่จบ: ir_estop -> ไม่สำเร็จ
[RECOVER] ย้อนกลับ/reroute ไปช่อง (0, 0) ไม่สำเร็จ (ครั้งที่ 3) - ไม่แก้แผนที่ เพราะทางนี้เคยยืนยันว่าโล่งแล้ว

--- ก้าวที่ 5 | ช่อง (0, 1) | หัน S ---
[MAP-EVICT] (0,1) ทิศ S: เคยมาร์กเป็นกำแพง แต่เจอโล่ง ยืนยันติดกัน 3 ครั้งแล้ว - ลบออกจากแผนที่
ToF 4 ทิศ -> หน้า:485 ขวา:198 หลัง:611 ซ้าย:123 (mm)
[CENTER-X] หน้า=348mm target=140mm
[CENTER-Y] รอบ 1/6 (both) L=381 R=670 err=-289
[CENTER-Y] รอบ 2/6 (both) L=381 R=670 err=-289
[CENTER-Y] รอบ 3/6 (both) L=393 R=614 err=-221
[CENTER-Y] รอบ 4/6 (both) L=393 R=614 err=-221
[CENTER-Y] รอบ 5/6 (both) L=490 R=448 err=42
[CENTER-Y] รอบ 6/6 (both) L=490 R=448 err=42
      0   1   2   3  
    +---+---+---+ . +
y=4 |   :   :   :   :
    + . + . + . + . +
y=3 |   :   :   :   |
    + . + . + . + . +
y=2 |   :   :   :   |
    +---+ . + . + . +
y=1 | v |   :   :   |
    +   + . + . + . +
y=0 | . |   :   :   |
    +---+---+---+---+
--- = กำแพง | ว่าง = ตรวจแล้วโล่ง | . = เคยไปแล้ว | ช่องว่าง = ยังไม่เคยไป   (ด้านที่สำรวจแล้ว 20/49, ช่องที่สำรวจแล้ว 10.0%)
ตัดสินใจ -> ย้อนกลับ/reroute ไปช่อง (0, 0) (ทาง S)
[SAFETY] หันมาแล้วเจอกำแพงที่ 316mm บนทางที่เคยยืนยันว่าโล่ง - ไม่แก้แผนที่ น่าจะหลงตำแหน่ง ลองใหม่รอบหน้า

--- ก้าวที่ 6 | ช่อง (0, 1) | หัน S ---
[MAP-EVICT] (0,1) ทิศ N: เคยมาร์กเป็นกำแพง แต่เจอโล่ง ยืนยันติดกัน 3 ครั้งแล้ว - ลบออกจากแผนที่
ToF 4 ทิศ -> หน้า:316 ขวา:172 หลัง:776 ซ้าย:156 (mm)
[CENTER-X] หน้า=159mm target=140mm
[CENTER-Y] รอบ 1/6 (both) L=410 R=565 err=-155
[CENTER-Y] รอบ 2/6 (both) L=410 R=565 err=-155
[CENTER-Y] รอบ 3/6 (both) L=451 R=487 err=-36
[CENTER-Y] รอบ 4/6 (both) L=451 R=487 err=-36
[CENTER-Y] รอบ 5/6 (both) L=644 R=370 err=274
[CENTER-Y] รอบ 6/6 (both) L=644 R=370 err=274
      0   1   2   3  
    +---+---+---+ . +
y=4 |   :   :   :   :
    + . + . + . + . +
y=3 |   :   :   :   |
    + . + . + . + . +
y=2 |   :   :   :   |
    +   + . + . + . +
y=1 | v |   :   :   |
    +---+ . + . + . +
y=0 | . |   :   :   |
    +---+---+---+---+
--- = กำแพง | ว่าง = ตรวจแล้วโล่ง | . = เคยไปแล้ว | ช่องว่าง = ยังไม่เคยไป   (ด้านที่สำรวจแล้ว 20/49, ช่องที่สำรวจแล้ว 10.0%)
ตัดสินใจ -> เดินต่อ ไปช่อง (0, 2) (ทาง N)
[TURN] S -> N
[CENTER-Y] รอบ 1/6 (both) L=416 R=543 err=-127
[CENTER-Y] รอบ 2/6 (both) L=416 R=543 err=-127
[CENTER-Y] รอบ 3/6 (both) L=509 R=437 err=72
[CENTER-Y] รอบ 4/6 (both) L=509 R=437 err=72
[CENTER-Y] รอบ 5/6 (both) L=509 R=437 err=72
[CENTER-Y] รอบ 6/6 (both) L=428 R=519 err=-91
[CAMERA] step006: ขาว 0.6% (เซฟ D:\ROBOT-Final\Final-Robot\classwork8\slam8_cam_step006_20260927_010002.jpg)
[MOVE] N เดินได้ 0.631 m (เป้า 0.60) เหตุที่จบ: odometry -> สำเร็จ

--- ก้าวที่ 7 | ช่อง (0, 2) | หัน N ---
ToF 4 ทิศ -> หน้า:210 ขวา:954 หลัง:852 ซ้าย:60 (mm)
[CENTER-X] หน้า=154mm target=140mm
[CENTER-Y] รอบ 1/6 (left_only) L=259 R=689 err=-236
[CENTER-Y] รอบ 2/6 (left_only) L=259 R=670 err=-236
[CENTER-Y] รอบ 3/6 (left_only) L=259 R=670 err=-236
[CENTER-Y] รอบ 4/6 (left_only) L=259 R=670 err=-236
[CENTER-Y] รอบ 5/6 (left_only) L=254 R=634 err=-241
[CENTER-Y] รอบ 6/6 (left_only) L=254 R=634 err=-241
      0   1   2   3  
    +---+---+---+ . +
y=4 |   :   :   :   :
    + . + . + . + . +
y=3 |   :   :   :   |
    +---+ . + . + . +
y=2 | ^     :   :   |
    +   + . + . + . +
y=1 | . |   :   :   |
    +---+ . + . + . +
y=0 | . |   :   :   |
    +---+---+---+---+
--- = กำแพง | ว่าง = ตรวจแล้วโล่ง | . = เคยไปแล้ว | ช่องว่าง = ยังไม่เคยไป   (ด้านที่สำรวจแล้ว 22/49, ช่องที่สำรวจแล้ว 15.0%)
ตัดสินใจ -> เดินต่อ ไปช่อง (1, 2) (ทาง E)
[TURN] N -> E
[SAFETY] หันมาแล้วเจอกำแพงที่ 191mm - ยกเลิกการเดิน แล้วมาร์กลงแผนที่

--- ก้าวที่ 8 | ช่อง (0, 2) | หัน E ---
ToF 4 ทิศ -> หน้า:192 ขวา:113 หลัง:825 ซ้าย:937 (mm)
[CENTER-X] หน้า=153mm target=140mm
[CENTER-Y] รอบ 1/6 (right_only) L=567 R=294 err=210
[CENTER-Y] รอบ 2/6 (right_only) L=567 R=294 err=210
[CENTER-Y] รอบ 3/6 (right_only) L=567 R=294 err=210
[CENTER-Y] รอบ 4/6 (right_only) L=445 R=290 err=214
[CENTER-Y] รอบ 5/6 (right_only) L=445 R=290 err=214
[CENTER-Y] รอบ 6/6 (right_only) L=370 R=283 err=221
      0   1   2   3  
    +---+---+---+ . +
y=4 |   :   :   :   :
    + . + . + . + . +
y=3 |   :   :   :   |
    +---+ . + . + . +
y=2 | > |   :   :   |
    +---+ . + . + . +
y=1 | . |   :   :   |
    +---+ . + . + . +
y=0 | . |   :   :   |
    +---+---+---+---+
--- = กำแพง | ว่าง = ตรวจแล้วโล่ง | . = เคยไปแล้ว | ช่องว่าง = ยังไม่เคยไป   (ด้านที่สำรวจแล้ว 22/49, ช่องที่สำรวจแล้ว 15.0%)
[CRASH] เกิดข้อผิดพลาดกลางคัน: (0, 2) กับ (0, 0) ไม่ได้ติดกัน - จะ export สิ่งที่เก็บมาได้ทั้งหมดก่อน

==============================================================
  สรุปผล
  เริ่มที่ (0, 0) หัน N
  สิ้นสุดที่ (0, 2) หัน E
  สำรวจ 3/20 ช่อง (15.0%) | ด้านที่ตรวจแล้ว 22/49
==============================================================

[EXPORT] บันทึกผลลัพธ์แล้ว:
  - D:\ROBOT-Final\Final-Robot\classwork8\slam8_map_20260927_005742.txt
  - D:\ROBOT-Final\Final-Robot\classwork8\slam8_map_20260927_005742.csv
  - D:\ROBOT-Final\Final-Robot\classwork8\slam8_steps_20260927_005742.csv
  - D:\ROBOT-Final\Final-Robot\classwork8\slam8_trajectory_20260927_005742.csv
  - D:\ROBOT-Final\Final-Robot\classwork8\slam8_summary_20260927_005742.txt
  - D:\ROBOT-Final\Final-Robot\classwork8\slam8_state_20260927_005742.json
