[LOG] ข้อความทั้งหมดตั้งแต่บรรทัดนี้จะถูกบันทึกไว้ที่ D:\ROBOT-Final\Final-Robot\classwork8\slam8_run_20260927_005309.log ด้วย (real-time)
กำลังเชื่อมต่อหุ่นแบบ ap ...
กำลัง recenter gimbal ...
[CAMERA] เปิดสตรีมกล้องแล้ว (log-only ไม่มีผลต่อการตัดสินใจ)
[SENSOR] subscription พร้อมใช้งาน (ToF, attitude, position, status, adapter)
[SENSORLOG] บันทึกค่าเซนเซอร์ดิบทุกจังหวะไปที่ D:\ROBOT-Final\Final-Robot\classwork8\slam8_sensorlog_20260927_005309.csv

==============================================================
  โหมดคาลิเบรตเซนเซอร์
==============================================================

[gimbal] หา gimbal_yaw_sign อัตโนมัติ (หมุนทดสอบสั้น ๆ)...
[GIMBAL] สั่ง moveto(yaw=+30) จริง -> มุมเปลี่ยน +30.30 -> GIMBAL_YAW_SIGN = +1

[1/5] วางหุ่น 'กลางช่อง' ที่มีกำแพงทั้งซ้ายและขวา หันหน้าไปทางไหนก็ได้
      ตำแหน่งต้องอยู่กลางจริง ๆ เพราะค่านี้จะกลายเป็นจุดอ้างอิงที่
      ใช้จัดกึ่งกลางซ้าย-ขวาตอนจอดทุกครั้ง
      พร้อมแล้วกด Enter...      กำแพงสองข้าง: L=mean= 495.1 sd=  0.6 R=mean= 504.0 sd=  1.2
      ToF ซ้าย=128mm ขวา=156mm

[2/5] ขยับหุ่นให้ชิดกำแพง 'ด้านซ้าย' มาก ๆ (ราว 5 ซม.) โดยยังอยู่
      แนวเดิม (ไม่หมุนตัว) - ขั้นนี้หาว่า ADC ซ้ายสูงขึ้นหรือต่ำลง
      เมื่อเข้าใกล้กำแพง
      พร้อมแล้วกด Enter...      ชิดกำแพงซ้าย: L=mean= 723.2 sd=  4.5 R=mean= 352.1 sd=  0.2

[3/5] ขยับหุ่นให้ชิดกำแพง 'ด้านขวา' มาก ๆ แทน (ราว 5 ซม.)
      พร้อมแล้วกด Enter...      ชิดกำแพงขวา: L=mean= 347.9 sd=  0.3 R=mean= 689.0 sd=  0.0

[4/6] วางหุ่น 'กลางช่อง' โดยหันหน้าชนกำแพง (ไม่ต้องมีกำแพงข้าง)
      ค่านี้จะกลายเป็นระยะที่หุ่นใช้หยุดตอนเข้าช่องที่มีกำแพงข้างหน้า
      พร้อมแล้วกด Enter...      ToF หน้า=140mm
[CAMERA] calib_front_wall: ขาว 0.0% (เซฟ D:\ROBOT-Final\Final-Robot\classwork8\slam8_cam_calib_front_wall_20260927_005456.jpg)

[5/6] (ถ้ามีกล้อง) หันหุ่นให้มองไปทางที่ 'ไม่มีกำแพงข้างหน้า' แทน (เช่น หันไปทางเดินโล่งๆ) - ขั้นนี้แค่เก็บรูป/สี % ขาวไว้เทียบ ไม่มีผล ต่อการตัดสินใจอะไรเลย
      พร้อมแล้วกด Enter (หรือ Enter เฉยๆ เพื่อข้าม)...[CAMERA] calib_front_open: ขาว 0.5% (เซฟ D:\ROBOT-Final\Final-Robot\classwork8\slam8_cam_calib_front_open_20260927_005540.jpg)

[6/6] เอามือบังหน้าเซนเซอร์ IR 45 องศา 'ทั้งสองตัว' พร้อมกันไว้
      พร้อมแล้วกด Enter...
      เอามือออกให้ IR ทั้งสองตัวโล่ง
      พร้อมแล้วกด Enter...
==============================================================
  ผลการคาลิเบรต
==============================================================
  Sharpซ้าย: กลางช่อง 495.1 (sd 0.6)
  Sharpซ้าย: ชิดมาก 723.2 (sd 4.5) -> closer_is_higher=True (ห่างจากกลางช่อง 228.2)
  Sharpขวา: กลางช่อง 504.0 (sd 1.2)
  Sharpขวา: ชิดมาก 689.0 (sd 0.0) -> closer_is_higher=True (ห่างจากกลางช่อง 185.0)
  IRซ้าย: บัง=1 โล่ง=0 -> ค่าที่แปลว่าเจอสิ่งกีดขวางคือ 1

--------------------------------------------------------------
  พบปัญหาที่ควรแก้ก่อนลงสนามจริง:
    * IRขวา: บังกับไม่บังได้ค่าเท่ากัน (0) เซนเซอร์อาจไม่ทำงาน หรือ pot ตั้งไว้สั้น/ยาวเกินไป
--------------------------------------------------------------

คัดลอกบล็อกนี้ไปวางทับใน CONFIG ด้านบนของไฟล์:

FRONT_STOP_MM                 = 140
SIDE_STOP_MM                  = 142
SHARP_LEFT_REF                = 495
SHARP_RIGHT_REF               = 504
SHARP_LEFT_CLOSER_IS_HIGHER   = True
SHARP_RIGHT_CLOSER_IS_HIGHER  = True
IR_TRIGGERED_VALUE            = 1

