[LOG] ข้อความทั้งหมดตั้งแต่บรรทัดนี้จะถูกบันทึกไว้ที่ D:\ROBOT-Final\Final-Robot\Classwork8\slam8_run_20260927_002048.log ด้วย (real-time)
==============================================================
  โหมดจำลอง - สำรวจให้ครบทุกช่อง (ไม่ต้องต่อหุ่น)
==============================================================

เขาวงกตความจริง (หุ่นยังไม่รู้):
      0   1   2   3  
    +---+---+---+---+
y=4 |   :   |   :   |
    +---+ . +---+ . +
y=3 |   :   :   :   |
    + . + . + . + . +
y=2 |   :   |   :   |
    +---+---+ . +---+
y=1 |   :   :   :   |
    + . + . +---+ . +
y=0 |   |   :   :   |
    +---+---+---+---+
ช่องที่ไปถึงได้จริงจาก (0, 0) = 20/20

--- ก้าวที่ 0 | ช่อง (0, 0) | หัน N | go ---

--- ก้าวที่ 1 | ช่อง (0, 1) | หัน N | go ---

--- ก้าวที่ 2 | ช่อง (1, 1) | หัน E | go ---

--- ก้าวที่ 3 | ช่อง (2, 1) | หัน E | go ---

--- ก้าวที่ 4 | ช่อง (3, 1) | หัน E | go ---

--- ก้าวที่ 5 | ช่อง (3, 0) | หัน S | go ---

--- ก้าวที่ 6 | ช่อง (2, 0) | หัน W | go ---

--- ก้าวที่ 7 | ช่อง (1, 0) | หัน W | back ---

--- ก้าวที่ 8 | ช่อง (2, 0) | หัน E | back ---

--- ก้าวที่ 9 | ช่อง (3, 0) | หัน E | back ---

--- ก้าวที่ 10 | ช่อง (3, 1) | หัน N | back ---

--- ก้าวที่ 11 | ช่อง (2, 1) | หัน W | go ---

--- ก้าวที่ 12 | ช่อง (2, 2) | หัน N | go ---

--- ก้าวที่ 13 | ช่อง (2, 3) | หัน N | go ---

--- ก้าวที่ 14 | ช่อง (3, 3) | หัน E | go ---

--- ก้าวที่ 15 | ช่อง (3, 2) | หัน S | back ---

--- ก้าวที่ 16 | ช่อง (3, 3) | หัน N | go ---

--- ก้าวที่ 17 | ช่อง (3, 4) | หัน N | go ---

--- ก้าวที่ 18 | ช่อง (2, 4) | หัน W | back ---

--- ก้าวที่ 19 | ช่อง (3, 4) | หัน E | back ---

--- ก้าวที่ 20 | ช่อง (3, 3) | หัน S | back ---

--- ก้าวที่ 21 | ช่อง (2, 3) | หัน W | go ---

--- ก้าวที่ 22 | ช่อง (1, 3) | หัน W | go ---

--- ก้าวที่ 23 | ช่อง (0, 3) | หัน W | go ---

--- ก้าวที่ 24 | ช่อง (0, 2) | หัน S | go ---

--- ก้าวที่ 25 | ช่อง (1, 2) | หัน E | back ---

--- ก้าวที่ 26 | ช่อง (0, 2) | หัน W | back ---

--- ก้าวที่ 27 | ช่อง (0, 3) | หัน N | back ---

--- ก้าวที่ 28 | ช่อง (1, 3) | หัน E | go ---

--- ก้าวที่ 29 | ช่อง (1, 4) | หัน N | go ---

--- ก้าวที่ 30 | ช่อง (0, 4) | หัน W | back ---

--- ก้าวที่ 31 | ช่อง (1, 4) | หัน E | back ---

--- ก้าวที่ 32 | ช่อง (1, 3) | หัน S | back ---

--- ก้าวที่ 33 | ช่อง (2, 3) | หัน E | back ---

--- ก้าวที่ 34 | ช่อง (2, 2) | หัน S | back ---

--- ก้าวที่ 35 | ช่อง (2, 1) | หัน S | back ---

--- ก้าวที่ 36 | ช่อง (1, 1) | หัน W | back ---

--- ก้าวที่ 37 | ช่อง (0, 1) | หัน W | back ---

--- ก้าวที่ 38 | ช่อง (0, 0) | หัน S | done ---

[DONE] สำรวจครบทุกช่องที่ไปถึงได้แล้วใน 38 ก้าว
เส้นทางที่เดินจริง: (0, 0) -> (0, 1) -> (1, 1) -> (2, 1) -> (3, 1) -> (3, 0) -> (2, 0) -> (1, 0) -> (2, 0) -> (3, 0) -> (3, 1) -> (2, 1) -> (2, 2) -> (2, 3) -> (3, 3) -> (3, 2) -> (3, 3) -> (3, 4) -> (2, 4) -> (3, 4) -> (3, 3) -> (2, 3) -> (1, 3) -> (0, 3) -> (0, 2) -> (1, 2) -> (0, 2) -> (0, 3) -> (1, 3) -> (1, 4) -> (0, 4) -> (1, 4) -> (1, 3) -> (2, 3) -> (2, 2) -> (2, 1) -> (1, 1) -> (0, 1) -> (0, 0)

แผนที่ที่หุ่นสร้างได้:
      0   1   2   3  
    +---+---+---+---+
y=4 | .   . | .   . |
    +---+   +---+   +
y=3 | .   .   .   . |
    +   +   +   +   +
y=2 | .   . | .   . |
    +---+---+   +---+
y=1 | .   .   .   . |
    +   +   +---+   +
y=0 | v | .   .   . |
    +---+---+---+---+
--- = กำแพง | ว่าง = ตรวจแล้วโล่ง | . = เคยไปแล้ว | ช่องว่าง = ยังไม่เคยไป   (ด้านที่สำรวจแล้ว 49/49, ช่องที่สำรวจแล้ว 100.0%)
[CHECK] สำรวจแล้ว 20/20 ช่องที่ไปถึงได้จริง -> ผ่าน
